// Jest Snapshot v1, https://goo.gl/fbAQLP

exports[` Header from "../../components/Header" 1`] = `
<header>
  <h1>
    Expensify-App
  </h1>
  <NavLink
    activeClassName="is-active"
    exact={true}
    to="/"
  >
    DashBoard
  </NavLink>
  <NavLink
    activeClassName="is-active"
    to="/create"
  >
    Create
  </NavLink>
</header>
`;
